C:\Users\Жепка\dev\java-shareit-add-docker\server\src\main\java\ru\practicum\shareit\exception\ValidationException.java
C:\Users\Жепка\dev\java-shareit-add-docker\server\src\main\java\ru\practicum\shareit\booking\model\Status.java
C:\Users\Жепка\dev\java-shareit-add-docker\server\src\main\java\ru\practicum\shareit\item\dto\ItemBookingDto.java
C:\Users\Жепка\dev\java-shareit-add-docker\server\src\main\java\ru\practicum\shareit\item\dto\ItemDto.java
C:\Users\Жепка\dev\java-shareit-add-docker\server\src\main\java\ru\practicum\shareit\user\controller\UserController.java
C:\Users\Жепка\dev\java-shareit-add-docker\server\src\main\java\ru\practicum\shareit\exception\BookingException.java
C:\Users\Жепка\dev\java-shareit-add-docker\server\src\main\java\ru\practicum\shareit\item\mapper\ItemMapper.java
C:\Users\Жепка\dev\java-shareit-add-docker\server\src\main\java\ru\practicum\shareit\booking\mapper\BookingMapper.java
C:\Users\Жепка\dev\java-shareit-add-docker\server\src\main\java\ru\practicum\shareit\item\repository\CommentRepository.java
C:\Users\Жепка\dev\java-shareit-add-docker\server\src\main\java\ru\practicum\shareit\booking\service\BookingService.java
C:\Users\Жепка\dev\java-shareit-add-docker\server\src\main\java\ru\practicum\shareit\request\controller\RequestController.java
C:\Users\Жепка\dev\java-shareit-add-docker\server\src\main\java\ru\practicum\shareit\user\repository\UserRepository.java
C:\Users\Жепка\dev\java-shareit-add-docker\server\src\main\java\ru\practicum\shareit\booking\dto\ShortBookingDtoToResponse.java
C:\Users\Жепка\dev\java-shareit-add-docker\server\src\main\java\ru\practicum\shareit\request\model\Request.java
C:\Users\Жепка\dev\java-shareit-add-docker\server\src\main\java\ru\practicum\shareit\pagination\Pagination.java
C:\Users\Жепка\dev\java-shareit-add-docker\server\src\main\java\ru\practicum\shareit\item\service\ItemService.java
C:\Users\Жепка\dev\java-shareit-add-docker\server\src\main\java\ru\practicum\shareit\user\mapper\UserMapper.java
C:\Users\Жепка\dev\java-shareit-add-docker\server\src\main\java\ru\practicum\shareit\booking\model\State.java
C:\Users\Жепка\dev\java-shareit-add-docker\server\src\main\java\ru\practicum\shareit\exception\ErrorResponse.java
C:\Users\Жепка\dev\java-shareit-add-docker\server\src\main\java\ru\practicum\shareit\ShareItServer.java
C:\Users\Жепка\dev\java-shareit-add-docker\server\src\main\java\ru\practicum\shareit\request\dto\RequestDto.java
C:\Users\Жепка\dev\java-shareit-add-docker\server\src\main\java\ru\practicum\shareit\request\service\RequestService.java
C:\Users\Жепка\dev\java-shareit-add-docker\server\src\main\java\ru\practicum\shareit\user\dto\UserDto.java
C:\Users\Жепка\dev\java-shareit-add-docker\server\src\main\java\ru\practicum\shareit\request\repository\RequestRepository.java
C:\Users\Жепка\dev\java-shareit-add-docker\server\src\main\java\ru\practicum\shareit\item\model\Comment.java
C:\Users\Жепка\dev\java-shareit-add-docker\server\src\main\java\ru\practicum\shareit\validation\Create.java
C:\Users\Жепка\dev\java-shareit-add-docker\server\src\main\java\ru\practicum\shareit\booking\model\Booking.java
C:\Users\Жепка\dev\java-shareit-add-docker\server\src\main\java\ru\practicum\shareit\booking\controller\BookingController.java
C:\Users\Жепка\dev\java-shareit-add-docker\server\src\main\java\ru\practicum\shareit\booking\service\BookingServiceImpl.java
C:\Users\Жепка\dev\java-shareit-add-docker\server\src\main\java\ru\practicum\shareit\item\repository\ItemRepository.java
C:\Users\Жепка\dev\java-shareit-add-docker\server\src\main\java\ru\practicum\shareit\user\model\User.java
C:\Users\Жепка\dev\java-shareit-add-docker\server\src\main\java\ru\practicum\shareit\booking\dto\BookingDtoToResponse.java
C:\Users\Жепка\dev\java-shareit-add-docker\server\src\main\java\ru\practicum\shareit\validation\Update.java
C:\Users\Жепка\dev\java-shareit-add-docker\server\src\main\java\ru\practicum\shareit\request\mapper\RequestMapper.java
C:\Users\Жепка\dev\java-shareit-add-docker\server\src\main\java\ru\practicum\shareit\item\mapper\CommentMapper.java
C:\Users\Жепка\dev\java-shareit-add-docker\server\src\main\java\ru\practicum\shareit\exception\ObjectNotFoundException.java
C:\Users\Жепка\dev\java-shareit-add-docker\server\src\main\java\ru\practicum\shareit\item\controller\ItemController.java
C:\Users\Жепка\dev\java-shareit-add-docker\server\src\main\java\ru\practicum\shareit\user\service\UserServiceImpl.java
C:\Users\Жепка\dev\java-shareit-add-docker\server\src\main\java\ru\practicum\shareit\booking\dto\BookingDto.java
C:\Users\Жепка\dev\java-shareit-add-docker\server\src\main\java\ru\practicum\shareit\item\dto\CommentDto.java
C:\Users\Жепка\dev\java-shareit-add-docker\server\src\main\java\ru\practicum\shareit\request\dto\RequestDtoToResponse.java
C:\Users\Жепка\dev\java-shareit-add-docker\server\src\main\java\ru\practicum\shareit\item\dto\CommentDtoToResponse.java
C:\Users\Жепка\dev\java-shareit-add-docker\server\src\main\java\ru\practicum\shareit\item\service\ItemServiceImpl.java
C:\Users\Жепка\dev\java-shareit-add-docker\server\src\main\java\ru\practicum\shareit\booking\repository\BookingRepository.java
C:\Users\Жепка\dev\java-shareit-add-docker\server\src\main\java\ru\practicum\shareit\item\model\Item.java
C:\Users\Жепка\dev\java-shareit-add-docker\server\src\main\java\ru\practicum\shareit\request\service\RequestServiceImpl.java
C:\Users\Жепка\dev\java-shareit-add-docker\server\src\main\java\ru\practicum\shareit\user\service\UserService.java
C:\Users\Жепка\dev\java-shareit-add-docker\server\src\main\java\ru\practicum\shareit\exception\IncorrectStateException.java
C:\Users\Жепка\dev\java-shareit-add-docker\server\src\main\java\ru\practicum\shareit\exception\ErrorHandler.java
C:\Users\Жепка\dev\java-shareit-add-docker\server\src\main\java\ru\practicum\shareit\request\dto\RequestDtoResponse.java
