C:\Users\Жепка\dev\java-shareit-add-docker\server\src\test\java\ru\practicum\shareit\bookingTest\bookingRepositoryTest\BookingRepositoryTest.java
C:\Users\Жепка\dev\java-shareit-add-docker\server\src\test\java\ru\practicum\shareit\requestTest\requestControllerTest\RequestControllerTest.java
C:\Users\Жепка\dev\java-shareit-add-docker\server\src\test\java\ru\practicum\shareit\userTest\userMapperTest\UserMapperTests.java
C:\Users\Жепка\dev\java-shareit-add-docker\server\src\test\java\ru\practicum\shareit\itemTest\itemServiceTest\ItemServiceIntegrationTest.java
C:\Users\Жепка\dev\java-shareit-add-docker\server\src\test\java\ru\practicum\shareit\bookingTest\bookingDtoTest\BookingDtoToResponseTest.java
C:\Users\Жепка\dev\java-shareit-add-docker\server\src\test\java\ShareItTests.java
C:\Users\Жепка\dev\java-shareit-add-docker\server\src\test\java\ru\practicum\shareit\itemTest\itemServiceTest\ItemServiceTest.java
C:\Users\Жепка\dev\java-shareit-add-docker\server\src\test\java\ru\practicum\shareit\requestTest\requestServiceTest\RequestServiceTest.java
C:\Users\Жепка\dev\java-shareit-add-docker\server\src\test\java\ru\practicum\shareit\userTest\userServiceTest\UserServiceImplTest.java
C:\Users\Жепка\dev\java-shareit-add-docker\server\src\test\java\ru\practicum\shareit\paginationTest\PaginationTest.java
C:\Users\Жепка\dev\java-shareit-add-docker\server\src\test\java\ru\practicum\shareit\bookingTest\bookingControllerTest\BookingControllerTest.java
C:\Users\Жепка\dev\java-shareit-add-docker\server\src\test\java\ru\practicum\shareit\userTest\userControllerTest\UserControllerTest.java
C:\Users\Жепка\dev\java-shareit-add-docker\server\src\test\java\ru\practicum\shareit\bookingTest\bookingServiceTest\BookingServiceTest.java
C:\Users\Жепка\dev\java-shareit-add-docker\server\src\test\java\ru\practicum\shareit\itemTest\itemDtoTest\ItemBookingDtoTest.java
C:\Users\Жепка\dev\java-shareit-add-docker\server\src\test\java\ru\practicum\shareit\itemTest\itemControllerTest\ItemControllerTest.java
C:\Users\Жепка\dev\java-shareit-add-docker\server\src\test\java\ru\practicum\shareit\bookingTest\bookingDtoTest\BookingDtoTest.java
